
X.Org X Server 1.21.1.22
X Protocol Version 11, Revision 0
Current Operating System: Linux WarpnixOS 7.0.0-22-generic #22-Ubuntu SMP PREEMPT_DYNAMIC Mon May 25 15:54:34 UTC 2026 x86_64
Kernel command line: BOOT_IMAGE=/boot/vmlinuz-7.0.0-22-generic root=UUID=d28f9adf-16f0-4a19-9b08-4f5bead6a937 ro quiet splash
xorg-server 2:21.1.22-1ubuntu1 (For technical support please see http://www.ubuntu.com/support) 
Current version of pixman: 0.46.4
	Before reporting problems, check http://wiki.x.org
	to make sure that you have the latest version.
Markers: (--) probed, (**) from config file, (==) default setting,
	(++) from command line, (!!) notice, (II) informational,
	(WW) warning, (EE) error, (NI) not implemented, (??) unknown.
(==) Log file: "/var/log/Xorg.0.log", Time: Tue Jul 14 18:47:42 2026
(==) Using config directory: "/etc/X11/xorg.conf.d"
(==) Using system config directory "/usr/share/X11/xorg.conf.d"
VMware: No 3D enabled (0, Success).
VMware: No 3D enabled (0, Success).
VMware: No 3D enabled (0, Success).
VMware: No 3D enabled (0, Success).

X.Org X Server 1.21.1.22
X Protocol Version 11, Revision 0
Current Operating System: Linux WarpnixOS 7.0.0-22-generic #22-Ubuntu SMP PREEMPT_DYNAMIC Mon May 25 15:54:34 UTC 2026 x86_64
Kernel command line: BOOT_IMAGE=/boot/vmlinuz-7.0.0-22-generic root=UUID=d28f9adf-16f0-4a19-9b08-4f5bead6a937 ro quiet splash
xorg-server 2:21.1.22-1ubuntu1 (For technical support please see http://www.ubuntu.com/support) 
Current version of pixman: 0.46.4
	Before reporting problems, check http://wiki.x.org
	to make sure that you have the latest version.
Markers: (--) probed, (**) from config file, (==) default setting,
	(++) from command line, (!!) notice, (II) informational,
	(WW) warning, (EE) error, (NI) not implemented, (??) unknown.
(==) Log file: "/var/log/Xorg.0.log", Time: Wed Jul 15 09:36:22 2026
(==) Using config directory: "/etc/X11/xorg.conf.d"
(==) Using system config directory "/usr/share/X11/xorg.conf.d"
VMware: No 3D enabled (0, Success).
VMware: No 3D enabled (0, Success).
VMware: No 3D enabled (0, Success).
VMware: No 3D enabled (0, Success).

X.Org X Server 1.21.1.22
X Protocol Version 11, Revision 0
Current Operating System: Linux WarpnixOS 7.0.0-22-generic #22-Ubuntu SMP PREEMPT_DYNAMIC Mon May 25 15:54:34 UTC 2026 x86_64
Kernel command line: BOOT_IMAGE=/boot/vmlinuz-7.0.0-22-generic root=UUID=d28f9adf-16f0-4a19-9b08-4f5bead6a937 ro quiet splash
xorg-server 2:21.1.22-1ubuntu1 (For technical support please see http://www.ubuntu.com/support) 
Current version of pixman: 0.46.4
	Before reporting problems, check http://wiki.x.org
	to make sure that you have the latest version.
Markers: (--) probed, (**) from config file, (==) default setting,
	(++) from command line, (!!) notice, (II) informational,
	(WW) warning, (EE) error, (NI) not implemented, (??) unknown.
(==) Log file: "/var/log/Xorg.0.log", Time: Thu Jul 16 18:32:19 2026
(==) Using config directory: "/etc/X11/xorg.conf.d"
(==) Using system config directory "/usr/share/X11/xorg.conf.d"
VMware: No 3D enabled (0, Success).
VMware: No 3D enabled (0, Success).
VMware: No 3D enabled (0, Success).
VMware: No 3D enabled (0, Success).
