[    11.405] 
X.Org X Server 1.21.1.22
X Protocol Version 11, Revision 0
[    11.405] Current Operating System: Linux WarpnixOS 7.0.0-22-generic #22-Ubuntu SMP PREEMPT_DYNAMIC Mon May 25 15:54:34 UTC 2026 x86_64
[    11.405] Kernel command line: BOOT_IMAGE=/boot/vmlinuz-7.0.0-22-generic root=UUID=d28f9adf-16f0-4a19-9b08-4f5bead6a937 ro quiet splash
[    11.405] xorg-server 2:21.1.22-1ubuntu1 (For technical support please see http://www.ubuntu.com/support) 
[    11.405] Current version of pixman: 0.46.4
[    11.405] 	Before reporting problems, check http://wiki.x.org
	to make sure that you have the latest version.
[    11.405] Markers: (--) probed, (**) from config file, (==) default setting,
	(++) from command line, (!!) notice, (II) informational,
	(WW) warning, (EE) error, (NI) not implemented, (??) unknown.
[    11.405] (==) Log file: "/var/log/Xorg.0.log", Time: Thu Jul 16 18:32:19 2026
[    11.407] (==) Using config directory: "/etc/X11/xorg.conf.d"
[    11.407] (==) Using system config directory "/usr/share/X11/xorg.conf.d"
[    11.409] (==) No Layout section.  Using the first Screen section.
[    11.409] (==) No screen section available. Using defaults.
[    11.409] (**) |-->Screen "Default Screen Section" (0)
[    11.409] (**) |   |-->Monitor "<default monitor>"
[    11.409] (==) No monitor specified for screen "Default Screen Section".
	Using a default monitor configuration.
[    11.409] (**) Allowing byte-swapped clients
[    11.409] (==) Automatically adding devices
[    11.409] (==) Automatically enabling devices
[    11.409] (==) Automatically adding GPU devices
[    11.409] (==) Automatically binding GPU devices
[    11.409] (==) Max clients allowed: 256, resource mask: 0x1fffff
[    11.411] (WW) The directory "/usr/share/fonts/X11/cyrillic" does not exist.
[    11.411] 	Entry deleted from font path.
[    11.411] (WW) The directory "/usr/share/fonts/X11/100dpi/" does not exist.
[    11.411] 	Entry deleted from font path.
[    11.411] (WW) The directory "/usr/share/fonts/X11/75dpi/" does not exist.
[    11.411] 	Entry deleted from font path.
[    11.411] (WW) The directory "/usr/share/fonts/X11/100dpi" does not exist.
[    11.411] 	Entry deleted from font path.
[    11.411] (WW) The directory "/usr/share/fonts/X11/75dpi" does not exist.
[    11.411] 	Entry deleted from font path.
[    11.411] (==) FontPath set to:
	/usr/share/fonts/X11/misc,
	/usr/share/fonts/X11/Type1,
	built-ins
[    11.411] (==) ModulePath set to "/usr/lib/xorg/modules"
[    11.411] (II) The server relies on udev to provide the list of input devices.
	If no devices become available, reconfigure udev or disable AutoAddDevices.
[    11.411] (II) Loader magic: 0x5dcf25d77020
[    11.411] (II) Module ABI versions:
[    11.411] 	X.Org ANSI C Emulation: 0.4
[    11.411] 	X.Org Video Driver: 25.2
[    11.411] 	X.Org XInput driver : 24.4
[    11.411] 	X.Org Server Extension : 10.0
[    11.412] (++) using VT number 7

[    11.412] (II) systemd-logind: logind integration requires -keeptty and -keeptty was not provided, disabling logind integration
[    11.415] (II) xfree86: Adding drm device (/dev/dri/card0)
[    11.415] (II) Platform probe for /sys/devices/pci0000:00/0000:00:02.0/drm/card0
[    11.418] (--) PCI:*(0@0:2:0) 15ad:0405:15ad:0405 rev 0, Mem @ 0xe0000000/134217728, 0xf0000000/2097152, I/O @ 0x0000d010/16, BIOS @ 0x????????/131072
[    11.418] (II) LoadModule: "glx"
[    11.420] (II) Loading /usr/lib/xorg/modules/extensions/libglx.so
[    11.425] (II) Module glx: vendor="X.Org Foundation"
[    11.425] 	compiled for 1.21.1.22, module version = 1.0.0
[    11.425] 	ABI class: X.Org Server Extension, version 10.0
[    11.425] (==) Matched vmware as autoconfigured driver 0
[    11.425] (==) Matched modesetting as autoconfigured driver 1
[    11.425] (==) Matched fbdev as autoconfigured driver 2
[    11.425] (==) Matched vesa as autoconfigured driver 3
[    11.425] (==) Assigned the driver to the xf86ConfigLayout
[    11.425] (II) LoadModule: "vmware"
[    11.425] (WW) Warning, couldn't open module vmware
[    11.425] (EE) Failed to load module "vmware" (module does not exist, 0)
[    11.425] (II) LoadModule: "modesetting"
[    11.425] (II) Loading /usr/lib/xorg/modules/drivers/modesetting_drv.so
[    11.427] (II) Module modesetting: vendor="X.Org Foundation"
[    11.427] 	compiled for 1.21.1.22, module version = 1.21.1
[    11.427] 	Module class: X.Org Video Driver
[    11.427] 	ABI class: X.Org Video Driver, version 25.2
[    11.427] (II) LoadModule: "fbdev"
[    11.427] (II) Loading /usr/lib/xorg/modules/drivers/fbdev_drv.so
[    11.427] (II) Module fbdev: vendor="X.Org Foundation"
[    11.427] 	compiled for 1.21.1.18, module version = 0.5.0
[    11.427] 	Module class: X.Org Video Driver
[    11.427] 	ABI class: X.Org Video Driver, version 25.2
[    11.427] (II) LoadModule: "vesa"
[    11.427] (II) Loading /usr/lib/xorg/modules/drivers/vesa_drv.so
[    11.428] (II) Module vesa: vendor="X.Org Foundation"
[    11.428] 	compiled for 1.21.1.21, module version = 2.6.0
[    11.428] 	Module class: X.Org Video Driver
[    11.428] 	ABI class: X.Org Video Driver, version 25.2
[    11.428] (==) Matched vmware as autoconfigured driver 0
[    11.428] (==) Matched modesetting as autoconfigured driver 1
[    11.428] (==) Matched fbdev as autoconfigured driver 2
[    11.428] (==) Matched vesa as autoconfigured driver 3
[    11.428] (==) Assigned the driver to the xf86ConfigLayout
[    11.428] (II) LoadModule: "vmware"
[    11.428] (WW) Warning, couldn't open module vmware
[    11.428] (EE) Failed to load module "vmware" (module does not exist, 0)
[    11.428] (II) LoadModule: "modesetting"
[    11.428] (II) Loading /usr/lib/xorg/modules/drivers/modesetting_drv.so
[    11.428] (II) Module modesetting: vendor="X.Org Foundation"
[    11.428] 	compiled for 1.21.1.22, module version = 1.21.1
[    11.428] 	Module class: X.Org Video Driver
[    11.428] 	ABI class: X.Org Video Driver, version 25.2
[    11.428] (II) UnloadModule: "modesetting"
[    11.428] (II) Unloading modesetting
[    11.428] (II) Failed to load module "modesetting" (already loaded, 0)
[    11.428] (II) LoadModule: "fbdev"
[    11.428] (II) Loading /usr/lib/xorg/modules/drivers/fbdev_drv.so
[    11.428] (II) Module fbdev: vendor="X.Org Foundation"
[    11.428] 	compiled for 1.21.1.18, module version = 0.5.0
[    11.428] 	Module class: X.Org Video Driver
[    11.428] 	ABI class: X.Org Video Driver, version 25.2
[    11.428] (II) UnloadModule: "fbdev"
[    11.428] (II) Unloading fbdev
[    11.428] (II) Failed to load module "fbdev" (already loaded, 0)
[    11.428] (II) LoadModule: "vesa"
[    11.428] (II) Loading /usr/lib/xorg/modules/drivers/vesa_drv.so
[    11.428] (II) Module vesa: vendor="X.Org Foundation"
[    11.428] 	compiled for 1.21.1.21, module version = 2.6.0
[    11.428] 	Module class: X.Org Video Driver
[    11.428] 	ABI class: X.Org Video Driver, version 25.2
[    11.428] (II) UnloadModule: "vesa"
[    11.428] (II) Unloading vesa
[    11.428] (II) Failed to load module "vesa" (already loaded, 0)
[    11.428] (II) modesetting: Driver for Modesetting Kernel Drivers: kms
[    11.428] (II) FBDEV: driver for framebuffer: fbdev
[    11.428] (II) VESA: driver for VESA chipsets: vesa
[    11.429] (II) modeset(0): using drv /dev/dri/card0
[    11.429] (WW) Falling back to old probe method for fbdev
[    11.430] (II) Loading sub module "fbdevhw"
[    11.430] (II) LoadModule: "fbdevhw"
[    11.430] (II) Loading /usr/lib/xorg/modules/libfbdevhw.so
[    11.431] (II) Module fbdevhw: vendor="X.Org Foundation"
[    11.431] 	compiled for 1.21.1.22, module version = 0.0.2
[    11.431] 	ABI class: X.Org Video Driver, version 25.2
[    11.431] (II) modeset(0): Creating default Display subsection in Screen section
	"Default Screen Section" for depth/fbbpp 24/32
[    11.431] (==) modeset(0): Depth 24, (==) framebuffer bpp 32
[    11.431] (==) modeset(0): RGB weight 888
[    11.431] (==) modeset(0): Default visual is TrueColor
[    11.431] (II) Loading sub module "glamoregl"
[    11.431] (II) LoadModule: "glamoregl"
[    11.431] (II) Loading /usr/lib/xorg/modules/libglamoregl.so
[    11.434] (II) Module glamoregl: vendor="X.Org Foundation"
[    11.434] 	compiled for 1.21.1.22, module version = 1.0.1
[    11.434] 	ABI class: X.Org ANSI C Emulation, version 0.4
[    11.602] (II) modeset(0): glamor: Using OpenGL 4.5 context.
[    11.602] (II) modeset(0): Refusing to try glamor on llvmpipe
[    11.608] (II) modeset(0): glamor initialization failed
[    11.608] (II) modeset(0): ShadowFB: preferred NO, enabled NO
[    11.608] (II) modeset(0): Output Virtual-1 has no monitor section
[    11.608] (II) modeset(0): Output Virtual-2 has no monitor section
[    11.608] (II) modeset(0): Output Virtual-3 has no monitor section
[    11.608] (II) modeset(0): Output Virtual-4 has no monitor section
[    11.608] (II) modeset(0): Output Virtual-5 has no monitor section
[    11.608] (II) modeset(0): Output Virtual-6 has no monitor section
[    11.608] (II) modeset(0): Output Virtual-7 has no monitor section
[    11.608] (II) modeset(0): Output Virtual-8 has no monitor section
[    11.609] (II) modeset(0): EDID for output Virtual-1
[    11.609] (II) modeset(0): Printing probed modes for output Virtual-1
[    11.609] (II) modeset(0): Modeline "1920x941"x60.0  135.50  1920 1970 2020 2070  941 991 1041 1091 -hsync +vsync (65.5 kHz eP)
[    11.609] (II) modeset(0): Modeline "4096x2160"x60.0  556.74  4096 4104 4136 4176  2160 2208 2216 2222 +hsync -vsync (133.3 kHz e)
[    11.609] (II) modeset(0): Modeline "4096x2160"x59.9  556.19  4096 4104 4136 4176  2160 2208 2216 2222 +hsync -vsync (133.2 kHz e)
[    11.609] (II) modeset(0): Modeline "2560x1600"x60.0  348.50  2560 2752 3032 3504  1600 1603 1609 1658 -hsync +vsync (99.5 kHz e)
[    11.609] (II) modeset(0): Modeline "2560x1600"x60.0  268.50  2560 2608 2640 2720  1600 1603 1609 1646 +hsync -vsync (98.7 kHz e)
[    11.609] (II) modeset(0): Modeline "1920x1440"x60.0  234.00  1920 2048 2256 2600  1440 1441 1444 1500 -hsync +vsync (90.0 kHz e)
[    11.609] (II) modeset(0): Modeline "1856x1392"x60.0  218.25  1856 1952 2176 2528  1392 1393 1396 1439 -hsync +vsync (86.3 kHz e)
[    11.609] (II) modeset(0): Modeline "1792x1344"x60.0  204.75  1792 1920 2120 2448  1344 1345 1348 1394 -hsync +vsync (83.6 kHz e)
[    11.609] (II) modeset(0): Modeline "2048x1152"x60.0  162.00  2048 2074 2154 2250  1152 1153 1156 1200 +hsync +vsync (72.0 kHz e)
[    11.609] (II) modeset(0): Modeline "1920x1200"x59.9  193.25  1920 2056 2256 2592  1200 1203 1209 1245 -hsync +vsync (74.6 kHz e)
[    11.609] (II) modeset(0): Modeline "1920x1200"x60.0  154.00  1920 1968 2000 2080  1200 1203 1209 1235 +hsync -vsync (74.0 kHz e)
[    11.609] (II) modeset(0): Modeline "1920x1080"x60.0  148.50  1920 2008 2052 2200  1080 1084 1089 1125 -hsync -vsync (67.5 kHz e)
[    11.609] (II) modeset(0): Modeline "1600x1200"x60.0  162.00  1600 1664 1856 2160  1200 1201 1204 1250 +hsync +vsync (75.0 kHz e)
[    11.609] (II) modeset(0): Modeline "1680x1050"x60.0  146.25  1680 1784 1960 2240  1050 1053 1059 1089 -hsync +vsync (65.3 kHz e)
[    11.609] (II) modeset(0): Modeline "1680x1050"x59.9  119.00  1680 1728 1760 1840  1050 1053 1059 1080 +hsync -vsync (64.7 kHz e)
[    11.609] (II) modeset(0): Modeline "1400x1050"x60.0  121.75  1400 1488 1632 1864  1050 1053 1057 1089 -hsync +vsync (65.3 kHz e)
[    11.609] (II) modeset(0): Modeline "1400x1050"x59.9  101.00  1400 1448 1480 1560  1050 1053 1057 1080 +hsync -vsync (64.7 kHz e)
[    11.609] (II) modeset(0): Modeline "1600x900"x60.0  108.00  1600 1624 1704 1800  900 901 904 1000 +hsync +vsync (60.0 kHz e)
[    11.609] (II) modeset(0): Modeline "1280x1024"x60.0  108.00  1280 1328 1440 1688  1024 1025 1028 1066 +hsync +vsync (64.0 kHz e)
[    11.609] (II) modeset(0): Modeline "1440x900"x59.9  106.50  1440 1520 1672 1904  900 903 909 934 -hsync +vsync (55.9 kHz e)
[    11.609] (II) modeset(0): Modeline "1440x900"x59.9   88.75  1440 1488 1520 1600  900 903 909 926 +hsync -vsync (55.5 kHz e)
[    11.609] (II) modeset(0): Modeline "1280x960"x60.0  108.00  1280 1376 1488 1800  960 961 964 1000 +hsync +vsync (60.0 kHz e)
[    11.609] (II) modeset(0): Modeline "1366x768"x59.8   85.50  1366 1436 1579 1792  768 771 774 798 +hsync +vsync (47.7 kHz e)
[    11.609] (II) modeset(0): Modeline "1366x768"x60.0   72.00  1366 1380 1436 1500  768 769 772 800 +hsync +vsync (48.0 kHz e)
[    11.609] (II) modeset(0): Modeline "1360x768"x60.0   85.50  1360 1424 1536 1792  768 771 777 795 +hsync +vsync (47.7 kHz e)
[    11.609] (II) modeset(0): Modeline "1280x800"x59.8   83.50  1280 1352 1480 1680  800 803 809 831 -hsync +vsync (49.7 kHz e)
[    11.609] (II) modeset(0): Modeline "1280x800"x59.9   71.00  1280 1328 1360 1440  800 803 809 823 +hsync -vsync (49.3 kHz e)
[    11.609] (II) modeset(0): Modeline "1280x768"x59.9   79.50  1280 1344 1472 1664  768 771 778 798 -hsync +vsync (47.8 kHz e)
[    11.609] (II) modeset(0): Modeline "1280x768"x60.0   68.25  1280 1328 1360 1440  768 771 778 790 +hsync -vsync (47.4 kHz e)
[    11.609] (II) modeset(0): Modeline "1280x720"x60.0   74.25  1280 1390 1430 1650  720 725 730 750 +hsync +vsync (45.0 kHz e)
[    11.609] (II) modeset(0): Modeline "1024x768"x60.0   65.00  1024 1048 1184 1344  768 771 777 806 -hsync -vsync (48.4 kHz e)
[    11.609] (II) modeset(0): Modeline "800x600"x60.3   40.00  800 840 968 1056  600 601 605 628 +hsync +vsync (37.9 kHz e)
[    11.609] (II) modeset(0): Modeline "800x600"x56.2   36.00  800 824 896 1024  600 601 603 625 +hsync +vsync (35.2 kHz e)
[    11.609] (II) modeset(0): Modeline "848x480"x60.0   33.75  848 864 976 1088  480 486 494 517 +hsync +vsync (31.0 kHz e)
[    11.609] (II) modeset(0): Modeline "640x480"x59.9   25.18  640 656 752 800  480 490 492 525 -hsync -vsync (31.5 kHz e)
[    11.609] (II) modeset(0): EDID for output Virtual-2
[    11.609] (II) modeset(0): EDID for output Virtual-3
[    11.609] (II) modeset(0): EDID for output Virtual-4
[    11.609] (II) modeset(0): EDID for output Virtual-5
[    11.609] (II) modeset(0): EDID for output Virtual-6
[    11.609] (II) modeset(0): EDID for output Virtual-7
[    11.609] (II) modeset(0): EDID for output Virtual-8
[    11.609] (II) modeset(0): Output Virtual-1 connected
[    11.609] (II) modeset(0): Output Virtual-2 disconnected
[    11.609] (II) modeset(0): Output Virtual-3 disconnected
[    11.609] (II) modeset(0): Output Virtual-4 disconnected
[    11.609] (II) modeset(0): Output Virtual-5 disconnected
[    11.609] (II) modeset(0): Output Virtual-6 disconnected
[    11.609] (II) modeset(0): Output Virtual-7 disconnected
[    11.609] (II) modeset(0): Output Virtual-8 disconnected
[    11.609] (II) modeset(0): Using exact sizes for initial modes
[    11.609] (II) modeset(0): Output Virtual-1 using initial mode 1920x941 +0+0
[    11.609] (==) modeset(0): Using gamma correction (1.0, 1.0, 1.0)
[    11.609] (==) modeset(0): DPI set to (96, 96)
[    11.609] (II) Loading sub module "fb"
[    11.609] (II) LoadModule: "fb"
[    11.609] (II) Module "fb" already built-in
[    11.609] (II) UnloadModule: "fbdev"
[    11.609] (II) Unloading fbdev
[    11.609] (II) UnloadSubModule: "fbdevhw"
[    11.609] (II) Unloading fbdevhw
[    11.609] (II) UnloadModule: "vesa"
[    11.609] (II) Unloading vesa
[    11.609] (==) modeset(0): Backing store enabled
[    11.609] (==) modeset(0): Silken mouse enabled
[    11.609] (II) modeset(0): Initializing kms color map for depth 24, 8 bpc.
[    11.610] (==) modeset(0): DPMS enabled
[    11.610] (II) Initializing extension Generic Event Extension
[    11.610] (II) Initializing extension SHAPE
[    11.610] (II) Initializing extension MIT-SHM
[    11.610] (II) Initializing extension XInputExtension
[    11.610] (II) Initializing extension XTEST
[    11.610] (II) Initializing extension BIG-REQUESTS
[    11.610] (II) Initializing extension SYNC
[    11.610] (II) Initializing extension XKEYBOARD
[    11.610] (II) Initializing extension XC-MISC
[    11.610] (II) Initializing extension SECURITY
[    11.610] (II) Initializing extension XFIXES
[    11.610] (II) Initializing extension RENDER
[    11.610] (II) Initializing extension RANDR
[    11.610] (II) Initializing extension COMPOSITE
[    11.610] (II) Initializing extension DAMAGE
[    11.610] (II) Initializing extension MIT-SCREEN-SAVER
[    11.610] (II) Initializing extension DOUBLE-BUFFER
[    11.610] (II) Initializing extension RECORD
[    11.610] (II) Initializing extension DPMS
[    11.610] (II) Initializing extension Present
[    11.610] (II) Initializing extension DRI3
[    11.610] (II) Initializing extension X-Resource
[    11.610] (II) Initializing extension XVideo
[    11.610] (II) Initializing extension XVideo-MotionCompensation
[    11.610] (II) Initializing extension SELinux
[    11.610] (II) SELinux: Disabled on system
[    11.610] (II) Initializing extension GLX
[    11.610] (II) AIGLX: Screen 0 is not DRI2 capable
[    11.619] (II) IGLX: Loaded and initialized swrast
[    11.619] (II) GLX: Initialized DRISWRAST GL provider for screen 0
[    11.619] (II) Initializing extension XFree86-VidModeExtension
[    11.619] (II) Initializing extension XFree86-DGA
[    11.620] (II) Initializing extension XFree86-DRI
[    11.620] (II) Initializing extension DRI2
[    11.620] (II) modeset(0): Damage tracking initialized
[    11.620] (II) modeset(0): Setting screen physical size to 508 x 248
[    11.707] (II) config/udev: Adding input device VirtualBox mouse integration (/dev/input/event6)
[    11.709] (**) VirtualBox mouse integration: Applying InputClass "libinput pointer catchall"
[    11.709] (II) LoadModule: "libinput"
[    11.709] (II) Loading /usr/lib/xorg/modules/input/libinput_drv.so
[    11.712] (II) Module libinput: vendor="X.Org Foundation"
[    11.712] 	compiled for 1.21.1.18, module version = 1.5.0
[    11.712] 	Module class: X.Org XInput Driver
[    11.712] 	ABI class: X.Org XInput driver, version 24.4
[    11.712] (II) Using input driver 'libinput' for 'VirtualBox mouse integration'
[    11.712] (**) VirtualBox mouse integration: always reports core events
[    11.712] (**) Option "Device" "/dev/input/event6"
[    11.727] (II) event6  - VirtualBox mouse integration: is tagged by udev as: Mouse
[    11.727] (II) event6  - VirtualBox mouse integration: emulating high-resolution scroll wheel events.
[    11.727] (II) event6  - VirtualBox mouse integration: device is a pointer
[    11.727] (II) event6  - VirtualBox mouse integration: device removed
[    11.741] (**) Option "config_info" "udev:/sys/devices/pci0000:00/0000:00:04.0/input/input7/event6"
[    11.741] (II) XINPUT: Adding extended input device "VirtualBox mouse integration" (type: MOUSE, id 6)
[    11.741] (**) Option "AccelerationScheme" "none"
[    11.741] (**) VirtualBox mouse integration: (accel) selected scheme none/0
[    11.741] (**) VirtualBox mouse integration: (accel) acceleration factor: 2.000
[    11.741] (**) VirtualBox mouse integration: (accel) acceleration threshold: 4
[    11.742] (II) event6  - VirtualBox mouse integration: is tagged by udev as: Mouse
[    11.742] (II) event6  - VirtualBox mouse integration: emulating high-resolution scroll wheel events.
[    11.742] (II) event6  - VirtualBox mouse integration: device is a pointer
[    11.743] (II) config/udev: Adding input device VirtualBox mouse integration (/dev/input/js1)
[    11.743] (II) No input driver specified, ignoring this device.
[    11.743] (II) This device may have been added with another device file.
[    11.743] (II) config/udev: Adding input device VirtualBox mouse integration (/dev/input/mouse2)
[    11.743] (II) No input driver specified, ignoring this device.
[    11.743] (II) This device may have been added with another device file.
[    11.744] (II) config/udev: Adding input device VirtualBox USB Tablet (/dev/input/event5)
[    11.744] (**) VirtualBox USB Tablet: Applying InputClass "libinput pointer catchall"
[    11.744] (II) Using input driver 'libinput' for 'VirtualBox USB Tablet'
[    11.744] (**) VirtualBox USB Tablet: always reports core events
[    11.744] (**) Option "Device" "/dev/input/event5"
[    11.796] (II) event5  - VirtualBox USB Tablet: is tagged by udev as: Mouse
[    11.798] (II) event5  - VirtualBox USB Tablet: device is a pointer
[    11.798] (II) event5  - VirtualBox USB Tablet: device removed
[    11.819] (**) Option "config_info" "udev:/sys/devices/pci0000:00/0000:00:06.0/usb1/1-1/1-1:1.0/0003:80EE:0021.0001/input/input6/event5"
[    11.819] (II) XINPUT: Adding extended input device "VirtualBox USB Tablet" (type: MOUSE, id 7)
[    11.819] (**) Option "AccelerationScheme" "none"
[    11.819] (**) VirtualBox USB Tablet: (accel) selected scheme none/0
[    11.819] (**) VirtualBox USB Tablet: (accel) acceleration factor: 2.000
[    11.819] (**) VirtualBox USB Tablet: (accel) acceleration threshold: 4
[    11.871] (II) event5  - VirtualBox USB Tablet: is tagged by udev as: Mouse
[    11.873] (II) event5  - VirtualBox USB Tablet: device is a pointer
[    11.874] (II) config/udev: Adding input device VirtualBox USB Tablet (/dev/input/js0)
[    11.874] (II) No input driver specified, ignoring this device.
[    11.874] (II) This device may have been added with another device file.
[    11.874] (II) config/udev: Adding input device VirtualBox USB Tablet (/dev/input/mouse1)
[    11.874] (II) No input driver specified, ignoring this device.
[    11.874] (II) This device may have been added with another device file.
[    11.874] (II) config/udev: Adding input device Video Bus (/dev/input/event3)
[    11.874] (**) Video Bus: Applying InputClass "libinput keyboard catchall"
[    11.874] (**) Video Bus: Applying InputClass "system-keyboard"
[    11.874] (II) Using input driver 'libinput' for 'Video Bus'
[    11.874] (**) Video Bus: always reports core events
[    11.874] (**) Option "Device" "/dev/input/event3"
[    11.874] (II) event3  - Video Bus: is tagged by udev as: Keyboard
[    11.877] (II) event3  - Video Bus: device is a keyboard
[    11.877] (II) event3  - Video Bus: device removed
[    11.895] (**) Option "config_info" "udev:/sys/devices/pci0000:00/acpi.video_bus.0/input/input4/event3"
[    11.895] (II) XINPUT: Adding extended input device "Video Bus" (type: KEYBOARD, id 8)
[    11.895] (**) Option "xkb_model" "pc105"
[    11.895] (**) Option "xkb_layout" "us"
[    11.895] (WW) Option "xkb_variant" requires a string value
[    11.896] (II) event3  - Video Bus: is tagged by udev as: Keyboard
[    11.896] (II) event3  - Video Bus: device is a keyboard
[    11.897] (II) config/udev: Adding input device Power Button (/dev/input/event0)
[    11.897] (**) Power Button: Applying InputClass "libinput keyboard catchall"
[    11.897] (**) Power Button: Applying InputClass "system-keyboard"
[    11.897] (II) Using input driver 'libinput' for 'Power Button'
[    11.897] (**) Power Button: always reports core events
[    11.897] (**) Option "Device" "/dev/input/event0"
[    11.898] (II) event0  - Power Button: is tagged by udev as: Keyboard
[    11.898] (II) event0  - Power Button: device is a keyboard
[    11.898] (II) event0  - Power Button: device removed
[    11.907] (**) Option "config_info" "udev:/sys/devices/platform/LNXPWRBN:00/input/input0/event0"
[    11.907] (II) XINPUT: Adding extended input device "Power Button" (type: KEYBOARD, id 9)
[    11.907] (**) Option "xkb_model" "pc105"
[    11.907] (**) Option "xkb_layout" "us"
[    11.907] (WW) Option "xkb_variant" requires a string value
[    11.908] (II) event0  - Power Button: is tagged by udev as: Keyboard
[    11.908] (II) event0  - Power Button: device is a keyboard
[    11.908] (II) config/udev: Adding input device Sleep Button (/dev/input/event1)
[    11.908] (**) Sleep Button: Applying InputClass "libinput keyboard catchall"
[    11.908] (**) Sleep Button: Applying InputClass "system-keyboard"
[    11.908] (II) Using input driver 'libinput' for 'Sleep Button'
[    11.908] (**) Sleep Button: always reports core events
[    11.908] (**) Option "Device" "/dev/input/event1"
[    11.909] (II) event1  - Sleep Button: is tagged by udev as: Keyboard
[    11.909] (II) event1  - Sleep Button: device is a keyboard
[    11.909] (II) event1  - Sleep Button: device removed
[    11.915] (**) Option "config_info" "udev:/sys/devices/platform/LNXSLPBN:00/input/input1/event1"
[    11.915] (II) XINPUT: Adding extended input device "Sleep Button" (type: KEYBOARD, id 10)
[    11.915] (**) Option "xkb_model" "pc105"
[    11.915] (**) Option "xkb_layout" "us"
[    11.915] (WW) Option "xkb_variant" requires a string value
[    11.916] (II) event1  - Sleep Button: is tagged by udev as: Keyboard
[    11.916] (II) event1  - Sleep Button: device is a keyboard
[    11.917] (II) config/udev: Adding input device AT Translated Set 2 keyboard (/dev/input/event2)
[    11.917] (**) AT Translated Set 2 keyboard: Applying InputClass "libinput keyboard catchall"
[    11.917] (**) AT Translated Set 2 keyboard: Applying InputClass "system-keyboard"
[    11.917] (II) Using input driver 'libinput' for 'AT Translated Set 2 keyboard'
[    11.917] (**) AT Translated Set 2 keyboard: always reports core events
[    11.917] (**) Option "Device" "/dev/input/event2"
[    11.918] (II) event2  - AT Translated Set 2 keyboard: is tagged by udev as: Keyboard
[    11.918] (II) event2  - AT Translated Set 2 keyboard: device is a keyboard
[    11.918] (II) event2  - AT Translated Set 2 keyboard: device removed
[    11.928] (**) Option "config_info" "udev:/sys/devices/platform/i8042/serio0/input/input2/event2"
[    11.928] (II) XINPUT: Adding extended input device "AT Translated Set 2 keyboard" (type: KEYBOARD, id 11)
[    11.928] (**) Option "xkb_model" "pc105"
[    11.928] (**) Option "xkb_layout" "us"
[    11.928] (WW) Option "xkb_variant" requires a string value
[    11.929] (II) event2  - AT Translated Set 2 keyboard: is tagged by udev as: Keyboard
[    11.929] (II) event2  - AT Translated Set 2 keyboard: device is a keyboard
[    11.930] (II) config/udev: Adding input device ImExPS/2 Generic Explorer Mouse (/dev/input/event4)
[    11.930] (**) ImExPS/2 Generic Explorer Mouse: Applying InputClass "libinput pointer catchall"
[    11.930] (II) Using input driver 'libinput' for 'ImExPS/2 Generic Explorer Mouse'
[    11.930] (**) ImExPS/2 Generic Explorer Mouse: always reports core events
[    11.930] (**) Option "Device" "/dev/input/event4"
[    11.931] (II) event4  - ImExPS/2 Generic Explorer Mouse: is tagged by udev as: Mouse
[    11.931] (II) event4  - ImExPS/2 Generic Explorer Mouse: emulating high-resolution scroll wheel events.
[    11.931] (II) event4  - ImExPS/2 Generic Explorer Mouse: device is a pointer
[    11.931] (II) event4  - ImExPS/2 Generic Explorer Mouse: device removed
[    11.944] (II) libinput: ImExPS/2 Generic Explorer Mouse: Step value 0 was provided, libinput Fallback acceleration function is used.
[    11.944] (II) libinput: ImExPS/2 Generic Explorer Mouse: Step value 0 was provided, libinput Fallback acceleration function is used.
[    11.944] (II) libinput: ImExPS/2 Generic Explorer Mouse: Step value 0 was provided, libinput Fallback acceleration function is used.
[    11.944] (**) Option "config_info" "udev:/sys/devices/platform/i8042/serio1/input/input5/event4"
[    11.944] (II) XINPUT: Adding extended input device "ImExPS/2 Generic Explorer Mouse" (type: MOUSE, id 12)
[    11.944] (**) Option "AccelerationScheme" "none"
[    11.944] (**) ImExPS/2 Generic Explorer Mouse: (accel) selected scheme none/0
[    11.944] (**) ImExPS/2 Generic Explorer Mouse: (accel) acceleration factor: 2.000
[    11.944] (**) ImExPS/2 Generic Explorer Mouse: (accel) acceleration threshold: 4
[    11.945] (II) event4  - ImExPS/2 Generic Explorer Mouse: is tagged by udev as: Mouse
[    11.945] (II) event4  - ImExPS/2 Generic Explorer Mouse: emulating high-resolution scroll wheel events.
[    11.945] (II) event4  - ImExPS/2 Generic Explorer Mouse: device is a pointer
[    11.945] (II) config/udev: Adding input device ImExPS/2 Generic Explorer Mouse (/dev/input/mouse0)
[    11.945] (II) No input driver specified, ignoring this device.
[    11.945] (II) This device may have been added with another device file.
[    13.910] (II) modeset(0): Allocate new frame buffer 1600x900 stride
